This is pdfTeX, Version 3.141592653-2.6-1.40.28 (MiKTeX 25.12) (preloaded format=pdflatex 2026.1.13)  28 AUG 2026 04:26
entering extended mode
 restricted \write18 enabled.
 file:line:error style messages enabled.
 %&-line parsing enabled.
**c:/Users/m3.brzezinski/Desktop/inzynierka/main.tex
(c:/Users/m3.brzezinski/Desktop/inzynierka/main.tex
LaTeX2e <2025-11-01>
L3 programming layer <2025-12-24>
(C:\Users\m3.brzezinski\AppData\Local\Programs\MiKTeX\tex/latex/llncs\llncs.cls
Document Class: llncs 2025/02/25 v2.26 
 LaTeX document class for Lecture Notes in Computer Science
(C:\Users\m3.brzezinski\AppData\Local\Programs\MiKTeX\tex/latex/base\article.cls
Document Class: article 2025/01/22 v1.4n Standard LaTeX document class
(C:\Users\m3.brzezinski\AppData\Local\Programs\MiKTeX\tex/latex/base\size10.clo
File: size10.clo 2025/01/22 v1.4n Standard LaTeX file (size option)
)
\c@part=\count275
\c@section=\count276
\c@subsection=\count277
\c@subsubsection=\count278
\c@paragraph=\count279
\c@subparagraph=\count280
\c@figure=\count281
\c@table=\count282
\abovecaptionskip=\skip49
\belowcaptionskip=\skip50
\bibindent=\dimen148
) (C:\Users\m3.brzezinski\AppData\Local\Programs\MiKTeX\tex/latex/tools\multicol.sty
Package: multicol 2025/10/21 v2.0b multicolumn formatting (FMi)
\c@tracingmulticols=\count283
\mult@box=\box53
\multicol@leftmargin=\dimen149
\c@unbalance=\count284
\c@collectmore=\count285
\doublecol@number=\count286
\multicoltolerance=\count287
\multicolpretolerance=\count288
\full@width=\dimen150
\page@free=\dimen151
\premulticols=\dimen152
\postmulticols=\dimen153
\multicolsep=\skip51
\multicolbaselineskip=\skip52
\partial@page=\box54
\last@line=\box55
\mc@boxedresult=\box56
\maxbalancingoverflow=\dimen154
\mult@rightbox=\box57
\mult@grightbox=\box58
\mult@firstbox=\box59
\mult@gfirstbox=\box60
\@tempa=\box61
\@tempa=\box62
\@tempa=\box63
\@tempa=\box64
\@tempa=\box65
\@tempa=\box66
\@tempa=\box67
\@tempa=\box68
\@tempa=\box69
\@tempa=\box70
\@tempa=\box71
\@tempa=\box72
\@tempa=\box73
\@tempa=\box74
\@tempa=\box75
\@tempa=\box76
\@tempa=\box77
\@tempa=\box78
\@tempa=\box79
\@tempa=\box80
\@tempa=\box81
\@tempa=\box82
\@tempa=\box83
\@tempa=\box84
\@tempa=\box85
\@tempa=\box86
\@tempa=\box87
\@tempa=\box88
\@tempa=\box89
\@tempa=\box90
\@tempa=\box91
\@tempa=\box92
\@tempa=\box93
\@tempa=\box94
\@tempa=\box95
\@tempa=\box96
\c@minrows=\count289
\c@columnbadness=\count290
\c@finalcolumnbadness=\count291
\last@try=\dimen155
\multicolovershoot=\dimen156
\multicolundershoot=\dimen157
\mult@nat@firstbox=\box97
\colbreak@box=\box98
\mc@col@check@num=\count292
\g__mc_curr_col_int=\count293
) (C:\Users\m3.brzezinski\AppData\Local\Programs\MiKTeX\tex/latex/oberdiek\aliascnt.sty
Package: aliascnt 2018/09/07 v1.5 Alias counters (HO)
)
\c@chapter=\count294
LaTeX Font Info:    Redeclaring math symbol \Gamma on input line 379.
LaTeX Font Info:    Redeclaring math symbol \Delta on input line 380.
LaTeX Font Info:    Redeclaring math symbol \Theta on input line 381.
LaTeX Font Info:    Redeclaring math symbol \Lambda on input line 382.
LaTeX Font Info:    Redeclaring math symbol \Xi on input line 383.
LaTeX Font Info:    Redeclaring math symbol \Pi on input line 384.
LaTeX Font Info:    Redeclaring math symbol \Sigma on input line 385.
LaTeX Font Info:    Redeclaring math symbol \Upsilon on input line 386.
LaTeX Font Info:    Redeclaring math symbol \Phi on input line 387.
LaTeX Font Info:    Redeclaring math symbol \Psi on input line 388.
LaTeX Font Info:    Redeclaring math symbol \Omega on input line 389.
LaTeX Info: Redefining \vec on input line 394.
\tocchpnum=\dimen158
\tocsecnum=\dimen159
\tocsectotal=\dimen160
\tocsubsecnum=\dimen161
\tocsubsectotal=\dimen162
\tocsubsubsecnum=\dimen163
\tocsubsubsectotal=\dimen164
\tocparanum=\dimen165
\tocparatotal=\dimen166
\tocsubparanum=\dimen167
\@tempcntc=\count295
\fnindent=\dimen168
\c@@inst=\count296
\c@@auth=\count297
\c@auco=\count298
\instindent=\dimen169
\authrun=\box99
\authorrunning=\toks17
\tocauthor=\toks18
\titrun=\box100
\titlerunning=\toks19
\toctitle=\toks20
\c@theorem=\count299
\c@case=\count300
\c@conjecture=\count301
\c@corollary=\count302
\c@definition=\count303
\c@example=\count304
\c@exercise=\count305
\c@lemma=\count306
\c@note=\count307
\c@problem=\count308
\c@property=\count309
\c@proposition=\count310
\c@question=\count311
\c@solution=\count312
\c@remark=\count313
\headlineindent=\dimen170
) (C:\Users\m3.brzezinski\AppData\Local\Programs\MiKTeX\tex/latex/graphics\graphicx.sty
Package: graphicx 2024/12/31 v1.2e Enhanced LaTeX Graphics (DPC,SPQR)
 (C:\Users\m3.brzezinski\AppData\Local\Programs\MiKTeX\tex/latex/graphics\keyval.sty
Package: keyval 2022/05/29 v1.15 key=value parser (DPC)
\KV@toks@=\toks21
) (C:\Users\m3.brzezinski\AppData\Local\Programs\MiKTeX\tex/latex/graphics\graphics.sty
Package: graphics 2024/08/06 v1.4g Standard LaTeX Graphics (DPC,SPQR)
 (C:\Users\m3.brzezinski\AppData\Local\Programs\MiKTeX\tex/latex/graphics\trig.sty
Package: trig 2023/12/02 v1.11 sin cos tan (DPC)
) (C:\Users\m3.brzezinski\AppData\Local\Programs\MiKTeX\tex/latex/graphics-cfg\graphics.cfg
File: graphics.cfg 2016/06/04 v1.11 sample graphics configuration
)
Package graphics Info: Driver file: pdftex.def on input line 106.
 (C:\Users\m3.brzezinski\AppData\Local\Programs\MiKTeX\tex/latex/graphics-def\pdftex.def
File: pdftex.def 2025/09/29 v1.2d Graphics/color driver for pdftex
))
\Gin@req@height=\dimen171
\Gin@req@width=\dimen172
) (C:\Users\m3.brzezinski\AppData\Local\Programs\MiKTeX\tex/generic/babel\babel.sty
Package: babel 2025/12/11 v25.17 The multilingual framework for LuaLaTeX, pdfLaTeX and XeLaTeX
\babel@savecnt=\count314
LaTeX Encoding Info:    Redeclaring text command \ij (encoding OT1) on input line 2068.
LaTeX Encoding Info:    Redeclaring text command \IJ (encoding OT1) on input line 2070.
LaTeX Encoding Info:    Redeclaring text command \ij (encoding T1) on input line 2072.
LaTeX Encoding Info:    Redeclaring text command \IJ (encoding T1) on input line 2073.
LaTeX Encoding Info:    Ignoring declaration for text command \ij (encoding ?) on input line 2074.
LaTeX Encoding Info:    Ignoring declaration for text command \IJ (encoding ?) on input line 2076.
LaTeX Encoding Info:    Ignoring declaration for text command \SS (encoding ?) on input line 2101.
\U@D=\dimen173
\l@unhyphenated=\language79
 (C:\Users\m3.brzezinski\AppData\Local\Programs\MiKTeX\tex/generic/babel\txtbabel.def)
\bbl@readstream=\read2
\bbl@dirlevel=\count315
Package babel Info: Configuration files are deprecated, as
(babel)             they can break document portability.
(babel)             Reported on input line 4196.

*************************************
* Local config file bblopts.cfg used
*
(C:\Users\m3.brzezinski\AppData\Local\Programs\MiKTeX\tex/latex/arabi\bblopts.cfg
File: bblopts.cfg 2005/09/08 v0.1 add Arabic and Farsi to "declared" options of babel
) (C:\Users\m3.brzezinski\AppData\Local\Programs\MiKTeX\tex/generic/babel/locale/pl\babel-polish.tex)
Package babel Info: Importing font and identification data for polish
(babel)             from babel-pl.ini. Reported on input line 4320.
 (C:\Users\m3.brzezinski\AppData\Local\Programs\MiKTeX\tex/latex/babel-polish\polish.ldf
Language: polish 2022/03/12 1.3 Babel support for Polish
Package babel Info: Making " an active character on input line 101.
)) (C:\Users\m3.brzezinski\AppData\Local\Programs\MiKTeX\tex/latex/base\fontenc.sty
Package: fontenc 2025/07/18 v2.1d Standard LaTeX package
) (C:\Users\m3.brzezinski\AppData\Local\Programs\MiKTeX\tex/latex/base\inputenc.sty
Package: inputenc 2024/02/08 v1.3d Input encoding file
\inpenc@prehook=\toks22
\inpenc@posthook=\toks23
) (C:\Users\m3.brzezinski\AppData\Local\Programs\MiKTeX\tex/latex/float\float.sty
Package: float 2001/11/08 v1.3d Float enhancements (AL)
\c@float@type=\count316
\float@exts=\toks24
\float@box=\box101
\@float@everytoks=\toks25
\@floatcapt=\box102
) (C:\Users\m3.brzezinski\AppData\Local\Programs\MiKTeX\tex/latex/adjustbox\adjustbox.sty
Package: adjustbox 2025/02/26 v1.3c Adjusting TeX boxes (trim, clip, ...)
 (C:\Users\m3.brzezinski\AppData\Local\Programs\MiKTeX\tex/latex/xkeyval\xkeyval.sty
Package: xkeyval 2022/06/16 v2.9 package option processing (HA)
 (C:\Users\m3.brzezinski\AppData\Local\Programs\MiKTeX\tex/generic/xkeyval\xkeyval.tex (C:\Users\m3.brzezinski\AppData\Local\Programs\MiKTeX\tex/generic/xkeyval\xkvutils.tex
\XKV@toks=\toks26
\XKV@tempa@toks=\toks27
)
\XKV@depth=\count317
File: xkeyval.tex 2014/12/03 v2.7a key=value parser (HA)
)) (C:\Users\m3.brzezinski\AppData\Local\Programs\MiKTeX\tex/latex/adjustbox\adjcalc.sty
Package: adjcalc 2012/05/16 v1.1 Provides advanced setlength with multiple back-ends (calc, etex, pgfmath)
) (C:\Users\m3.brzezinski\AppData\Local\Programs\MiKTeX\tex/latex/adjustbox\trimclip.sty
Package: trimclip 2025/02/21 v1.2a Trim and clip general TeX material
 (C:\Users\m3.brzezinski\AppData\Local\Programs\MiKTeX\tex/latex/collectbox\collectbox.sty
Package: collectbox 2022/10/17 v0.4c Collect macro arguments as boxes
\collectedbox=\box103
)
\tc@llx=\dimen174
\tc@lly=\dimen175
\tc@urx=\dimen176
\tc@ury=\dimen177
Package trimclip Info: Using driver 'tc-pdftex.def'.
 (C:\Users\m3.brzezinski\AppData\Local\Programs\MiKTeX\tex/latex/adjustbox\tc-pdftex.def
File: tc-pdftex.def 2025/02/26 v2.3 Clipping driver for pdftex
))
\adjbox@Width=\dimen178
\adjbox@Height=\dimen179
\adjbox@Depth=\dimen180
\adjbox@Totalheight=\dimen181
\adjbox@pwidth=\dimen182
\adjbox@pheight=\dimen183
\adjbox@pdepth=\dimen184
\adjbox@ptotalheight=\dimen185
 (C:\Users\m3.brzezinski\AppData\Local\Programs\MiKTeX\tex/latex/ifoddpage\ifoddpage.sty
Package: ifoddpage 2022/10/18 v1.2 Conditionals for odd/even page detection
\c@checkoddpage=\count318
) (C:\Users\m3.brzezinski\AppData\Local\Programs\MiKTeX\tex/latex/varwidth\varwidth.sty
Package: varwidth 2009/03/30 ver 0.92;  Variable-width minipages
\@vwid@box=\box104
\sift@deathcycles=\count319
\@vwid@loff=\dimen186
\@vwid@roff=\dimen187
)
==> First Aid for varwidth.sty applied!
) (C:\Users\m3.brzezinski\AppData\Local\Programs\MiKTeX\tex/latex/caption\caption.sty
Package: caption 2023/08/05 v3.6o Customizing captions (AR)
 (C:\Users\m3.brzezinski\AppData\Local\Programs\MiKTeX\tex/latex/caption\caption3.sty
Package: caption3 2023/07/31 v2.4d caption3 kernel (AR)
\caption@tempdima=\dimen188
\captionmargin=\dimen189
\caption@leftmargin=\dimen190
\caption@rightmargin=\dimen191
\caption@width=\dimen192
\caption@indent=\dimen193
\caption@parindent=\dimen194
\caption@hangindent=\dimen195
Package caption Info: Unknown document class (or package),
(caption)             standard defaults will be used.
Package caption Info: \@makecaption = \long macro:#1#2->\small \vskip \abovecaptionskip \sbox \@tempboxa {{\bfseries #1.} #2}\ifdim \wd \@tempboxa >\hsize {\bfseries #1.} #2\par \else \global \@minipagefalse \hb@xt@ \hsize {\hfil \box \@tempboxa \hfil }\fi \vskip \belowcaptionskip  on input line 1175.
)

Package caption Warning: Unknown document class (or package),
(caption)                standard defaults will be used.
See the caption package documentation for explanation.

\c@caption@flags=\count320
\c@continuedfloat=\count321
Package caption Info: float package is loaded.
) (C:\Users\m3.brzezinski\AppData\Local\Programs\MiKTeX\tex/latex/hyperref\hyperref.sty
Package: hyperref 2025-07-12 v7.01o Hypertext links for LaTeX
 (C:\Users\m3.brzezinski\AppData\Local\Programs\MiKTeX\tex/generic/iftex\iftex.sty
Package: iftex 2024/12/12 v1.0g TeX engine tests
) (C:\Users\m3.brzezinski\AppData\Local\Programs\MiKTeX\tex/latex/kvsetkeys\kvsetkeys.sty
Package: kvsetkeys 2022-10-05 v1.19 Key value parser (HO)
) (C:\Users\m3.brzezinski\AppData\Local\Programs\MiKTeX\tex/generic/kvdefinekeys\kvdefinekeys.sty
Package: kvdefinekeys 2019-12-19 v1.6 Define keys (HO)
) (C:\Users\m3.brzezinski\AppData\Local\Programs\MiKTeX\tex/generic/pdfescape\pdfescape.sty
Package: pdfescape 2019/12/09 v1.15 Implements pdfTeX's escape features (HO)
 (C:\Users\m3.brzezinski\AppData\Local\Programs\MiKTeX\tex/generic/ltxcmds\ltxcmds.sty
Package: ltxcmds 2023-12-04 v1.26 LaTeX kernel commands for general use (HO)
) (C:\Users\m3.brzezinski\AppData\Local\Programs\MiKTeX\tex/generic/pdftexcmds\pdftexcmds.sty
Package: pdftexcmds 2020-06-27 v0.33 Utility functions of pdfTeX for LuaTeX (HO)
 (C:\Users\m3.brzezinski\AppData\Local\Programs\MiKTeX\tex/generic/infwarerr\infwarerr.sty
Package: infwarerr 2019/12/03 v1.5 Providing info/warning/error messages (HO)
)
Package pdftexcmds Info: \pdf@primitive is available.
Package pdftexcmds Info: \pdf@ifprimitive is available.
Package pdftexcmds Info: \pdfdraftmode found.
)) (C:\Users\m3.brzezinski\AppData\Local\Programs\MiKTeX\tex/latex/hycolor\hycolor.sty
Package: hycolor 2020-01-27 v1.10 Color options for hyperref/bookmark (HO)
) (C:\Users\m3.brzezinski\AppData\Local\Programs\MiKTeX\tex/latex/hyperref\nameref.sty
Package: nameref 2025-06-21 v2.57 Cross-referencing by name of section
 (C:\Users\m3.brzezinski\AppData\Local\Programs\MiKTeX\tex/latex/refcount\refcount.sty
Package: refcount 2019/12/15 v3.6 Data extraction from label references (HO)
) (C:\Users\m3.brzezinski\AppData\Local\Programs\MiKTeX\tex/generic/gettitlestring\gettitlestring.sty
Package: gettitlestring 2019/12/15 v1.6 Cleanup title references (HO)
 (C:\Users\m3.brzezinski\AppData\Local\Programs\MiKTeX\tex/latex/kvoptions\kvoptions.sty
Package: kvoptions 2022-06-15 v3.15 Key value format for package options (HO)
))
\c@section@level=\count322
) (C:\Users\m3.brzezinski\AppData\Local\Programs\MiKTeX\tex/latex/etoolbox\etoolbox.sty
Package: etoolbox 2025/10/02 v2.5m e-TeX tools for LaTeX (JAW)
\etb@tempcnta=\count323
) (C:\Users\m3.brzezinski\AppData\Local\Programs\MiKTeX\tex/generic/stringenc\stringenc.sty
Package: stringenc 2019/11/29 v1.12 Convert strings between diff. encodings (HO)
)
\@linkdim=\dimen196
\Hy@linkcounter=\count324
\Hy@pagecounter=\count325
 (C:\Users\m3.brzezinski\AppData\Local\Programs\MiKTeX\tex/latex/hyperref\pd1enc.def
File: pd1enc.def 2025-07-12 v7.01o Hyperref: PDFDocEncoding definition (HO)
Now handling font encoding PD1 ...
... no UTF-8 mapping file for font encoding PD1
) (C:\Users\m3.brzezinski\AppData\Local\Programs\MiKTeX\tex/generic/intcalc\intcalc.sty
Package: intcalc 2019/12/15 v1.3 Expandable calculations with integers (HO)
)
\Hy@SavedSpaceFactor=\count326
 (C:\Users\m3.brzezinski\AppData\Local\Programs\MiKTeX\tex/latex/hyperref\puenc.def
File: puenc.def 2025-07-12 v7.01o Hyperref: PDF Unicode definition (HO)
Now handling font encoding PU ...
... no UTF-8 mapping file for font encoding PU
)
Package hyperref Info: Hyper figures OFF on input line 4195.
Package hyperref Info: Link nesting OFF on input line 4200.
Package hyperref Info: Hyper index ON on input line 4203.
Package hyperref Info: Plain pages OFF on input line 4210.
Package hyperref Info: Backreferencing OFF on input line 4215.
Package hyperref Info: Implicit mode ON; LaTeX internals redefined.
Package hyperref Info: Bookmarks ON on input line 4462.
\c@Hy@tempcnt=\count327
 (C:\Users\m3.brzezinski\AppData\Local\Programs\MiKTeX\tex/latex/url\url.sty
\Urlmuskip=\muskip17
Package: url 2013/09/16  ver 3.4  Verb mode for urls, etc.
)
LaTeX Info: Redefining \url on input line 4801.
\XeTeXLinkMargin=\dimen197
 (C:\Users\m3.brzezinski\AppData\Local\Programs\MiKTeX\tex/generic/bitset\bitset.sty
Package: bitset 2019/12/09 v1.3 Handle bit-vector datatype (HO)
 (C:\Users\m3.brzezinski\AppData\Local\Programs\MiKTeX\tex/generic/bigintcalc\bigintcalc.sty
Package: bigintcalc 2019/12/15 v1.5 Expandable calculations on big integers (HO)
))
\Fld@menulength=\count328
\Field@Width=\dimen198
\Fld@charsize=\dimen199
Package hyperref Info: Hyper figures OFF on input line 6078.
Package hyperref Info: Link nesting OFF on input line 6083.
Package hyperref Info: Hyper index ON on input line 6086.
Package hyperref Info: backreferencing OFF on input line 6093.
Package hyperref Info: Link coloring OFF on input line 6098.
Package hyperref Info: Link coloring with OCG OFF on input line 6103.
Package hyperref Info: PDF/A mode OFF on input line 6108.
\Hy@abspage=\count329
\c@Item=\count330
\c@Hfootnote=\count331
)
Package hyperref Info: Driver (autodetected): hpdftex.
 (C:\Users\m3.brzezinski\AppData\Local\Programs\MiKTeX\tex/latex/hyperref\hpdftex.def
File: hpdftex.def 2025-07-12 v7.01o Hyperref driver for pdfTeX
\Fld@listcount=\count332
\c@bookmark@seq@number=\count333
 (C:\Users\m3.brzezinski\AppData\Local\Programs\MiKTeX\tex/latex/rerunfilecheck\rerunfilecheck.sty
Package: rerunfilecheck 2025-06-21 v1.11 Rerun checks for auxiliary files (HO)
 (C:\Users\m3.brzezinski\AppData\Local\Programs\MiKTeX\tex/generic/uniquecounter\uniquecounter.sty
Package: uniquecounter 2019/12/15 v1.4 Provide unlimited unique counter (HO)
)
Package uniquecounter Info: New unique counter `rerunfilecheck' on input line 284.
)
\Hy@SectionHShift=\skip53
) (C:\Users\m3.brzezinski\AppData\Local\Programs\MiKTeX\tex/latex/caption\subcaption.sty
Package: subcaption 2023/07/28 v1.6b Sub-captions (AR)
Package caption Info: New subtype `subfigure' on input line 238.
\c@subfigure=\count334
Package caption Info: New subtype `subtable' on input line 238.
\c@subtable=\count335
) (C:\Users\m3.brzezinski\AppData\Local\Programs\MiKTeX\tex/latex/l3backend\l3backend-pdftex.def
File: l3backend-pdftex.def 2025-10-09 L3 backend support: PDF output (pdfTeX)
\l__color_backend_stack_int=\count336
) (main.aux
Package babel Info: 'polish' activates 'polish' shorthands.
(babel)             Reported on input line 9.
)
\openout1 = `main.aux'.

LaTeX Font Info:    Checking defaults for OML/cmm/m/it on input line 162.
LaTeX Font Info:    ... okay on input line 162.
LaTeX Font Info:    Checking defaults for OMS/cmsy/m/n on input line 162.
LaTeX Font Info:    ... okay on input line 162.
LaTeX Font Info:    Checking defaults for OT1/cmr/m/n on input line 162.
LaTeX Font Info:    ... okay on input line 162.
LaTeX Font Info:    Checking defaults for T1/cmr/m/n on input line 162.
LaTeX Font Info:    ... okay on input line 162.
LaTeX Font Info:    Checking defaults for TS1/cmr/m/n on input line 162.
LaTeX Font Info:    ... okay on input line 162.
LaTeX Font Info:    Checking defaults for OMX/cmex/m/n on input line 162.
LaTeX Font Info:    ... okay on input line 162.
LaTeX Font Info:    Checking defaults for U/cmr/m/n on input line 162.
LaTeX Font Info:    ... okay on input line 162.
LaTeX Font Info:    Checking defaults for PD1/pdf/m/n on input line 162.
LaTeX Font Info:    ... okay on input line 162.
LaTeX Font Info:    Checking defaults for PU/pdf/m/n on input line 162.
LaTeX Font Info:    ... okay on input line 162.
 (C:\Users\m3.brzezinski\AppData\Local\Programs\MiKTeX\tex/context/base/mkii\supp-pdf.mkii
[Loading MPS to PDF converter (version 2006.09.02).]
\scratchcounter=\count337
\scratchdimen=\dimen256
\scratchbox=\box105
\nofMPsegments=\count338
\nofMParguments=\count339
\everyMPshowfont=\toks28
\MPscratchCnt=\count340
\MPscratchDim=\dimen257
\MPnumerator=\count341
\makeMPintoPDFobject=\count342
\everyMPtoPDFconversion=\toks29
) (C:\Users\m3.brzezinski\AppData\Local\Programs\MiKTeX\tex/latex/epstopdf-pkg\epstopdf-base.sty
Package: epstopdf-base 2020-01-24 v2.11 Base part for package epstopdf
Package epstopdf-base Info: Redefining graphics rule for `.eps' on input line 485.
 (C:\Users\m3.brzezinski\AppData\Local\Programs\MiKTeX\tex/latex/00miktex\epstopdf-sys.cfg
File: epstopdf-sys.cfg 2021/03/18 v2.0 Configuration of epstopdf for MiKTeX
))
Package caption Info: Begin \AtBeginDocument code.
Package caption Info: hyperref package is loaded.
Package caption Info: End \AtBeginDocument code.
Package hyperref Info: Link coloring OFF on input line 162.
 (main.out) (main.out)
\@outlinefile=\write3
\openout3 = `main.out'.

LaTeX Font Info:    External font `cmex10' loaded for size
(Font)              <7> on input line 165.
LaTeX Font Info:    External font `cmex10' loaded for size
(Font)              <5> on input line 165.
 (streszcz.tex) (wstep/opis.tex) (algos/Adam/explain.tex [1

{C:/Users/m3.brzezinski/AppData/Local/MiKTeX/fonts/map/pdftex/pdftex.map}]) (algos/Adagrad/explain.tex
Underfull \hbox (badness 10000) in paragraph at lines 2--3

 []


Underfull \hbox (badness 10000) in paragraph at lines 11--12

 []


Underfull \hbox (badness 10000) in paragraph at lines 13--14

 []


Underfull \hbox (badness 10000) in paragraph at lines 15--16

 []


Underfull \hbox (badness 10000) in paragraph at lines 17--18

 []


Underfull \hbox (badness 10000) in paragraph at lines 19--20

 []


Underfull \hbox (badness 10000) in paragraph at lines 21--22

 []


Underfull \hbox (badness 10000) in paragraph at lines 25--26

 []


Underfull \hbox (badness 10000) in paragraph at lines 27--28

 []


Underfull \hbox (badness 10000) in paragraph at lines 29--30

 []

) (algos/BFGS/explain.tex
Package babel Info: 'polish' activates 'polish' shorthands.
(babel)             Reported on input line 7.
 [2]) (algos/CMAES/explain.tex
<algos/CMAES/range.png, id=67, 501.875pt x 332.24126pt>
File: algos/CMAES/range.png Graphic file (type png)
<use algos/CMAES/range.png>
Package pdftex.def Info: algos/CMAES/range.png  used on input line 17.
(pdftex.def)             Requested size: 242.98541pt x 160.85797pt.
) (algos/NL-SHADE/explain.tex [3 <./algos/CMAES/range.png (PNG copy)>] [4]) (wstep/met_test.tex) (met_an/cec/teoria.tex
Overfull \hbox (1.79126pt too wide) in paragraph at lines 1--2
\T1/cmr/m/n/10 Congress of Evo-lu-tio-nary Com-pu-ta-tion (CEC), czyli Kon-gres Opty-ma-li-za-cji Ewo-
 []

) (met_an/cec/implem.tex) (met_an/net/teoria.tex) [5] (met_an/net/implem.tex
<met_an//net/IRIS_net.jpg, id=91, 999.735pt x 547.2947pt>
File: met_an//net/IRIS_net.jpg Graphic file (type jpg)
<use met_an//net/IRIS_net.jpg>
Package pdftex.def Info: met_an//net/IRIS_net.jpg  used on input line 11.
(pdftex.def)             Requested size: 242.98541pt x 133.01526pt.
<met_an//net/MNIST_net.jpg, id=93, 887.56593pt x 661.72218pt>
File: met_an//net/MNIST_net.jpg Graphic file (type jpg)
<use met_an//net/MNIST_net.jpg>
Package pdftex.def Info: met_an//net/MNIST_net.jpg  used on input line 20.
(pdftex.def)             Requested size: 242.98541pt x 181.15125pt.

Underfull \vbox (badness 10000) has occurred while \output is active []

 [6 <./met_an//net/IRIS_net.jpg>] [7 <./met_an//net/MNIST_net.jpg>]
Overfull \hbox (4.90161pt too wide) in paragraph at lines 50--51
\T1/cmr/m/n/10 do-kªad-nie ten sam batch back-pro-pa-ga-cj¡. Po-mi-ja-j¡¢ war-stw¦ em-bed-dingu, wszyst-
 []


Overfull \hbox (2.62805pt too wide) in paragraph at lines 60--61
[]\T1/cmr/m/n/10 Dla ka»-dego al-go-rytmu naj-lep-sze roz-wi¡-za-nie za-pi-sy-wano w okre-±lo-nych punk-
 []

) (wybrane_wyniki.tex
<met_an//net//graphs/1.png, id=108, 1078.0275pt x 427.5975pt>
File: met_an//net//graphs/1.png Graphic file (type png)
<use met_an//net//graphs/1.png>
Package pdftex.def Info: met_an//net//graphs/1.png  used on input line 11.
(pdftex.def)             Requested size: 286.92607pt x 113.81102pt.
LaTeX Font Info:    External font `cmex10' loaded for size
(Font)              <9> on input line 12.
LaTeX Font Info:    External font `cmex10' loaded for size
(Font)              <6> on input line 12.

Underfull \vbox (badness 10000) has occurred while \output is active []

 [8]
<met_an/cec/funkcje/F32013.png, id=114, 722.7pt x 722.7pt>
File: met_an/cec/funkcje/F32013.png Graphic file (type png)
<use met_an/cec/funkcje/F32013.png>
Package pdftex.def Info: met_an/cec/funkcje/F32013.png  used on input line 24.
(pdftex.def)             Requested size: 85.35284pt x 85.35826pt.

Overfull \hbox (15.9292pt too wide) in paragraph at lines 24--25
[][] 
 []

<met_an/cec/funkcje/F32013_rec.png, id=115, 1445.4pt x 867.24pt>
File: met_an/cec/funkcje/F32013_rec.png Graphic file (type png)
<use met_an/cec/funkcje/F32013_rec.png>
Package pdftex.def Info: met_an/cec/funkcje/F32013_rec.png  used on input line 28.
(pdftex.def)             Requested size: 308.21861pt x 184.9429pt.

Overfull \hbox (65.2332pt too wide) in paragraph at lines 28--29
[][] 
 []

<met_an/cec/funkcje/F52013.png, id=116, 722.7pt x 722.7pt>
File: met_an/cec/funkcje/F52013.png Graphic file (type png)
<use met_an/cec/funkcje/F52013.png>
Package pdftex.def Info: met_an/cec/funkcje/F52013.png  used on input line 35.
(pdftex.def)             Requested size: 85.35284pt x 85.35826pt.

Overfull \hbox (15.9292pt too wide) in paragraph at lines 35--36
[][] 
 []

<met_an/cec/funkcje/F52013_rec.png, id=117, 1445.4pt x 867.24pt>
File: met_an/cec/funkcje/F52013_rec.png Graphic file (type png)
<use met_an/cec/funkcje/F52013_rec.png>
Package pdftex.def Info: met_an/cec/funkcje/F52013_rec.png  used on input line 39.
(pdftex.def)             Requested size: 308.21861pt x 184.9429pt.

Overfull \hbox (65.2332pt too wide) in paragraph at lines 39--40
[][] 
 []

<met_an/cec/funkcje/F92013.png, id=118, 722.7pt x 722.7pt>
File: met_an/cec/funkcje/F92013.png Graphic file (type png)
<use met_an/cec/funkcje/F92013.png>
Package pdftex.def Info: met_an/cec/funkcje/F92013.png  used on input line 46.
(pdftex.def)             Requested size: 85.35284pt x 85.35826pt.

Overfull \hbox (15.9292pt too wide) in paragraph at lines 46--47
[][] 
 []

<met_an/cec/funkcje/F92013_rec.png, id=119, 1445.4pt x 867.24pt>
File: met_an/cec/funkcje/F92013_rec.png Graphic file (type png)
<use met_an/cec/funkcje/F92013_rec.png>
Package pdftex.def Info: met_an/cec/funkcje/F92013_rec.png  used on input line 50.
(pdftex.def)             Requested size: 308.21861pt x 184.9429pt.

Overfull \hbox (65.2332pt too wide) in paragraph at lines 50--51
[][] 
 []


Underfull \vbox (badness 10000) has occurred while \output is active []

 [9 <./met_an//net//graphs/1.png>]
Overfull \vbox (87.56204pt too high) has occurred while \output is active []

 [10 <./met_an/cec/funkcje/F32013.png> <./met_an/cec/funkcje/F32013_rec.png> <./met_an/cec/funkcje/F52013.png> <./met_an/cec/funkcje/F52013_rec.png> <./met_an/cec/funkcje/F92013.png> <./met_an/cec/funkcje/F92013_rec.png>]
<met_an/cec/funkcje/F212013.png, id=137, 722.7pt x 722.7pt>
File: met_an/cec/funkcje/F212013.png Graphic file (type png)
<use met_an/cec/funkcje/F212013.png>
Package pdftex.def Info: met_an/cec/funkcje/F212013.png  used on input line 63.
(pdftex.def)             Requested size: 85.35284pt x 85.35826pt.

Overfull \hbox (15.9292pt too wide) in paragraph at lines 63--64
[][] 
 []

<met_an/cec/funkcje/F212013_rec.png, id=138, 1445.4pt x 867.24pt>
File: met_an/cec/funkcje/F212013_rec.png Graphic file (type png)
<use met_an/cec/funkcje/F212013_rec.png>
Package pdftex.def Info: met_an/cec/funkcje/F212013_rec.png  used on input line 67.
(pdftex.def)             Requested size: 308.21861pt x 184.9429pt.

Overfull \hbox (65.2332pt too wide) in paragraph at lines 67--68
[][] 
 []

) (porownanie_art.tex [11 <./met_an/cec/funkcje/F212013.png> <./met_an/cec/funkcje/F212013_rec.png>]) (podsumowanie/wyniki.tex [12]) (podsumowanie/cele.tex) (podsumowanie/sequelbait.tex) [13] [14] (biblio_art.tex
Underfull \hbox (badness 1127) in paragraph at lines 4--5
[]\T1/cmr/m/n/9 Cornell Uni-ver-sity. Ada-Grad. []$\T1/cmtt/m/n/9 https : / / optimization . cbe . cornell . edu / index .
 []


Underfull \hbox (badness 10000) in paragraph at lines 19--20
[]\T1/cmr/m/n/9 Wikipedia. Limited-memory BFGS. []$\T1/cmtt/m/n/9 https : / / en . wikipedia . org / wiki /
 []


Underfull \hbox (badness 2103) in paragraph at lines 25--26
[]\T1/cmr/m/n/9 E-sezam. Ma-te-riaªy dy-dak-tyczne. []$\T1/cmtt/m/n/9 https : / / esezam . okno . pw . edu . pl / mod / book /
 []


Underfull \hbox (badness 10000) in paragraph at lines 28--29
[]\T1/cmr/m/n/9 Tanabe, R., Fu-ku-naga, A.: NL-SHADE-RSP Al-go-ri-thm with Ad-ap-tive
 []


Underfull \hbox (badness 6188) in paragraph at lines 28--29
\T1/cmr/m/n/9 Ar-chive and Se-lec-tive Pres-sure for CEC 2021 Nu-me-ri-cal Opti-mi-za-tion.
 []


Underfull \hbox (badness 10000) in paragraph at lines 28--29
[]$\T1/cmtt/m/n/9 https : / / www . researchgate . net / publication / 353782316 _ NL-[]SHADE-[]RSP _
 []


Underfull \hbox (badness 10000) in paragraph at lines 28--29
\T1/cmtt/m/n/9 Algorithm _ with _ Adaptive _ Archive _ and _ Selective _ Pressure _ for _ CEC _ 2021 _
 []

) [15

] (main.aux)
 ***********
LaTeX2e <2025-11-01>
L3 programming layer <2025-12-24>
 ***********
Package rerunfilecheck Info: File `main.out' has not changed.
(rerunfilecheck)             Checksum: D71B0C57FE49243D9CE2F35BC0C8E3A1;1608.
 ) 
Here is how much of TeX's memory you used:
 13188 strings out of 467870
 220640 string characters out of 5414483
 638793 words of memory out of 5000000
 41780 multiletter control sequences out of 15000+600000
 636020 words of font info for 55 fonts, out of 8000000 for 9000
 1141 hyphenation exceptions out of 8191
 75i,8n,117p,766b,552s stack positions out of 10000i,1000n,20000p,200000b,200000s
 <C:\Users\m3.brzezinski\AppData\Local\MiKTeX\fonts/pk/ljfour/jknappen/ec/dpi600\ectt0900.pk> <C:\Users\m3.brzezinski\AppData\Local\MiKTeX\fonts/pk/ljfour/jknappen/ec/dpi600\ecbx0900.pk> <C:\Users\m3.brzezinski\AppData\Local\MiKTeX\fonts/pk/ljfour/jknappen/ec/dpi600\ecbx1000.pk> <C:\Users\m3.brzezinski\AppData\Local\MiKTeX\fonts/pk/ljfour/jknappen/ec/dpi600\ecbx1200.pk> <C:\Users\m3.brzezinski\AppData\Local\MiKTeX\fonts/pk/ljfour/jknappen/ec/dpi600\ecrm0900.pk> <C:\Users\m3.brzezinski\AppData\Local\MiKTeX\fonts/pk/ljfour/jknappen/ec/dpi600\ecrm1000.pk> <C:\Users\m3.brzezinski\AppData\Local\MiKTeX\fonts/pk/ljfour/jknappen/ec/dpi600\ecbx1440.pk><C:/Users/m3.brzezinski/AppData/Local/Programs/MiKTeX/fonts/type1/public/amsfonts/cm/cmex10.pfb><C:/Users/m3.brzezinski/AppData/Local/Programs/MiKTeX/fonts/type1/public/amsfonts/cm/cmmi10.pfb><C:/Users/m3.brzezinski/AppData/Local/Programs/MiKTeX/fonts/type1/public/amsfonts/cm/cmmi5.pfb><C:/Users/m3.brzezinski/AppData/Local/Programs/MiKTeX/fonts/type1/public/amsfonts/cm/cmmi7.pfb><C:/Users/m3.brzezinski/AppData/Local/Programs/MiKTeX/fonts/type1/public/amsfonts/cm/cmr10.pfb><C:/Users/m3.brzezinski/AppData/Local/Programs/MiKTeX/fonts/type1/public/amsfonts/cm/cmr5.pfb><C:/Users/m3.brzezinski/AppData/Local/Programs/MiKTeX/fonts/type1/public/amsfonts/cm/cmr7.pfb><C:/Users/m3.brzezinski/AppData/Local/Programs/MiKTeX/fonts/type1/public/amsfonts/cm/cmsy10.pfb><C:/Users/m3.brzezinski/AppData/Local/Programs/MiKTeX/fonts/type1/public/amsfonts/cm/cmsy7.pfb>
Output written on main.pdf (15 pages, 7772587 bytes).
PDF statistics:
 634 PDF objects out of 1000 (max. 8388607)
 73 named destinations out of 1000 (max. 500000)
 133 words of extra memory for PDF output out of 10000 (max. 10000000)

